d:\rhadames\ucv\clases\2025 ii - icg\proyecto 1\base_code2\proyecto2\x64\debug\vc143.pdb
d:\rhadames\ucv\clases\2025 ii - icg\proyecto 1\base_code2\proyecto2\x64\debug\vc143.idb
d:\rhadames\ucv\clases\2025 ii - icg\proyecto 1\base_code2\proyecto2\x64\debug\3dviewer.obj
d:\rhadames\ucv\clases\2025 ii - icg\proyecto 1\base_code2\proyecto2\x64\debug\main.obj
d:\rhadames\ucv\clases\2025 ii - icg\proyecto 1\base_code2\proyecto2\x64\debug\imgui_widgets.obj
d:\rhadames\ucv\clases\2025 ii - icg\proyecto 1\base_code2\proyecto2\x64\debug\imgui_tables.obj
d:\rhadames\ucv\clases\2025 ii - icg\proyecto 1\base_code2\proyecto2\x64\debug\imgui_draw.obj
d:\rhadames\ucv\clases\2025 ii - icg\proyecto 1\base_code2\proyecto2\x64\debug\imgui_demo.obj
d:\rhadames\ucv\clases\2025 ii - icg\proyecto 1\base_code2\proyecto2\x64\debug\imgui.obj
d:\rhadames\ucv\clases\2025 ii - icg\proyecto 1\base_code2\proyecto2\x64\debug\imgui_impl_opengl3.obj
d:\rhadames\ucv\clases\2025 ii - icg\proyecto 1\base_code2\proyecto2\x64\debug\imgui_impl_glfw.obj
d:\rhadames\ucv\clases\2025 ii - icg\proyecto 1\base_code2\proyecto2\x64\debug\glad.obj
d:\rhadames\ucv\clases\2025 ii - icg\proyecto 1\base_code2\x64\debug\proyecto2.exe
d:\rhadames\ucv\clases\2025 ii - icg\proyecto 1\base_code2\x64\debug\proyecto2.pdb
d:\rhadames\ucv\clases\2025 ii - icg\proyecto 1\base_code2\proyecto2\x64\debug\proyecto2.ilk
d:\rhadames\ucv\clases\2025 ii - icg\proyecto 1\base_code2\proyecto2\x64\debug\proyecto2.tlog\cl.command.1.tlog
d:\rhadames\ucv\clases\2025 ii - icg\proyecto 1\base_code2\proyecto2\x64\debug\proyecto2.tlog\cl.items.tlog
d:\rhadames\ucv\clases\2025 ii - icg\proyecto 1\base_code2\proyecto2\x64\debug\proyecto2.tlog\cl.read.1.tlog
d:\rhadames\ucv\clases\2025 ii - icg\proyecto 1\base_code2\proyecto2\x64\debug\proyecto2.tlog\cl.write.1.tlog
d:\rhadames\ucv\clases\2025 ii - icg\proyecto 1\base_code2\proyecto2\x64\debug\proyecto2.tlog\link.command.1.tlog
d:\rhadames\ucv\clases\2025 ii - icg\proyecto 1\base_code2\proyecto2\x64\debug\proyecto2.tlog\link.read.1.tlog
d:\rhadames\ucv\clases\2025 ii - icg\proyecto 1\base_code2\proyecto2\x64\debug\proyecto2.tlog\link.secondary.1.tlog
d:\rhadames\ucv\clases\2025 ii - icg\proyecto 1\base_code2\proyecto2\x64\debug\proyecto2.tlog\link.write.1.tlog
